Depth  Name                                  #Inst  Area (um^2)
---------------------------------------------------------------
0      SYSTEM_TOP_dft                        1421   20865.2444 
1      U0_ClkDiv                             56     734.2608   
1      U3_mux2X1                             2      21.1806    
1      U0_UART_RX                            143    1653.2635  
1      U0_mux2X1                             1      14.1204    
1      U0_DATA_SYNC                          22     480.0936   
1      U1_DATA_SYNC                          22     480.0936   
1      U0_SYS_Controller                     232    2405.1748  
1      U0_ALU                                446    5558.7308  
1      U5_mux2X1                             1      15.2971    
1      U2_mux2X1                             1      14.1204    
1      U0_CLK_GATE                           1      57.6583    
1      U1_RST_SYNC                           3      69.4253    
1      U0_Register_File                      355    6982.5378  
1      U4_mux2X1                             1      12.9437    
1      U0_Uart_TX_Top                        63     947.2435   
1      U1_mux2X1                             1      16.4738    
1      U0_BIT_SYNC                           2      65.8952    
1      U0_RST_SYNC                           3      69.4253    
2      U0_Uart_TX_Top/U0_Parity_Calc         5      87.0758    
2      U0_UART_RX/U0_Stop_Check              3      12.9437    
2      U0_UART_RX/U0_Deseralizer             25     355.3634   
2      U0_ALU/mult_47                        170    2070.992   
2      U0_Uart_TX_Top/U0_MUX                 6      34.1243    
2      U0_ALU/div_48                         82     1374.3856  
2      U0_UART_RX/U0_RXFSM                   30     258.874    
2      U0_Uart_TX_Top/U0_Seralizer           12     210.6293   
2      U0_UART_RX/U0_Parity_Check            7      105.903    
2      U0_Uart_TX_Top/U0_InputBuffer         21     427.1421   
2      U0_UART_RX/U0_Data_Sampler            39     416.5518   
2      U0_ALU/add_45                         9      231.8099   
2      U0_SYS_Controller/U0_TX_Controller    122    1210.8243  
2      U0_Uart_TX_Top/U0_FSM                 19     188.272    
2      U0_UART_RX/U0_Strt_Check              1      7.0602     
2      U0_UART_RX/U0_edge_bit_counter        38     496.5674   
2      U0_ALU/sub_46                         11     237.6934   
2      U0_SYS_Controller/U0_RX_Controller    110    1194.3505  
3      U0_Uart_TX_Top/U0_Seralizer/P0        3      68.2486    
3      U0_ALU/mult_47/FS_1                   27     205.9225   
3      U0_Uart_TX_Top/U0_Seralizer/C0        9      142.3807   
